src/app/(dashboard)/dashboard/cattle/page.tsx(140,44): error TS2552: Cannot find name 'setCattle'. Did you mean 'cattle'?
src/app/(dashboard)/dashboard/health/page.tsx(60,21): error TS2353: Object literal may only specify known properties, and 'fillStyle' does not exist in type 'Partial<Styles>'.
src/app/(dashboard)/dashboard/health/page.tsx(186,13): error TS2322: Type '{ icon: ForwardRefExoticComponent<Omit<LucideProps, "ref"> & RefAttributes<SVGSVGElement>>; title: string; description: string; actionText: string; onAction: () => void; }' is not assignable to type 'IntrinsicAttributes & EmptyStateProps'.
  Property 'icon' does not exist on type 'IntrinsicAttributes & EmptyStateProps'.
src/app/(dashboard)/dashboard/production/page.tsx(257,26): error TS2322: Type '{ date: string; yield: number; fat: number; }[] | { date: string; yield: any; fat: string; }[]' is not assignable to type 'ChartData<{ date: string; yield: number; fat: number; }> | undefined'.
  Type '{ date: string; yield: any; fat: string; }[]' is not assignable to type 'readonly { date: string; yield: number; fat: number; }[]'.
    Type '{ date: string; yield: any; fat: string; }' is not assignable to type '{ date: string; yield: number; fat: number; }'.
      Types of property 'fat' are incompatible.
        Type 'string' is not assignable to type 'number'.
src/app/(dashboard)/dashboard/production/page.tsx(653,36): error TS2322: Type '{ date: string; yield: number; fat: number; }[] | { date: string; yield: any; fat: string; }[]' is not assignable to type 'ChartData<{ date: string; yield: number; fat: number; }> | undefined'.
  Type '{ date: string; yield: any; fat: string; }[]' is not assignable to type 'readonly { date: string; yield: number; fat: number; }[]'.
    Type '{ date: string; yield: any; fat: string; }' is not assignable to type '{ date: string; yield: number; fat: number; }'.
      Types of property 'fat' are incompatible.
        Type 'string' is not assignable to type 'number'.
src/app/register/page.tsx(24,35): error TS2790: The operand of a 'delete' operator must be optional.
